Archive member included to satisfy reference by file (symbol)

d:/st/stm32cubeide_1.4.0/stm32cubeide/plugins/com.st.stm32cube.ide.mcu.externaltools.gnu-tools-for-stm32.7-2018-q2-update.win32_1.4.0.202007081208/tools/bin/../lib/gcc/arm-none-eabi/7.3.1/../../../../arm-none-eabi/lib/thumb/v7-m\libc_nano.a(lib_a-errno.o)
                              Src/syscalls.o (__errno)
d:/st/stm32cubeide_1.4.0/stm32cubeide/plugins/com.st.stm32cube.ide.mcu.externaltools.gnu-tools-for-stm32.7-2018-q2-update.win32_1.4.0.202007081208/tools/bin/../lib/gcc/arm-none-eabi/7.3.1/../../../../arm-none-eabi/lib/thumb/v7-m\libc_nano.a(lib_a-exit.o)
                              d:/st/stm32cubeide_1.4.0/stm32cubeide/plugins/com.st.stm32cube.ide.mcu.externaltools.gnu-tools-for-stm32.7-2018-q2-update.win32_1.4.0.202007081208/tools/bin/../lib/gcc/arm-none-eabi/7.3.1/../../../../arm-none-eabi/lib/thumb/v7-m/crt0.o (exit)
d:/st/stm32cubeide_1.4.0/stm32cubeide/plugins/com.st.stm32cube.ide.mcu.externaltools.gnu-tools-for-stm32.7-2018-q2-update.win32_1.4.0.202007081208/tools/bin/../lib/gcc/arm-none-eabi/7.3.1/../../../../arm-none-eabi/lib/thumb/v7-m\libc_nano.a(lib_a-impure.o)
                              d:/st/stm32cubeide_1.4.0/stm32cubeide/plugins/com.st.stm32cube.ide.mcu.externaltools.gnu-tools-for-stm32.7-2018-q2-update.win32_1.4.0.202007081208/tools/bin/../lib/gcc/arm-none-eabi/7.3.1/../../../../arm-none-eabi/lib/thumb/v7-m\libc_nano.a(lib_a-exit.o) (_global_impure_ptr)
d:/st/stm32cubeide_1.4.0/stm32cubeide/plugins/com.st.stm32cube.ide.mcu.externaltools.gnu-tools-for-stm32.7-2018-q2-update.win32_1.4.0.202007081208/tools/bin/../lib/gcc/arm-none-eabi/7.3.1/../../../../arm-none-eabi/lib/thumb/v7-m\libc_nano.a(lib_a-init.o)
                              d:/st/stm32cubeide_1.4.0/stm32cubeide/plugins/com.st.stm32cube.ide.mcu.externaltools.gnu-tools-for-stm32.7-2018-q2-update.win32_1.4.0.202007081208/tools/bin/../lib/gcc/arm-none-eabi/7.3.1/../../../../arm-none-eabi/lib/thumb/v7-m/crt0.o (__libc_init_array)
d:/st/stm32cubeide_1.4.0/stm32cubeide/plugins/com.st.stm32cube.ide.mcu.externaltools.gnu-tools-for-stm32.7-2018-q2-update.win32_1.4.0.202007081208/tools/bin/../lib/gcc/arm-none-eabi/7.3.1/../../../../arm-none-eabi/lib/thumb/v7-m\libc_nano.a(lib_a-memset.o)
                              d:/st/stm32cubeide_1.4.0/stm32cubeide/plugins/com.st.stm32cube.ide.mcu.externaltools.gnu-tools-for-stm32.7-2018-q2-update.win32_1.4.0.202007081208/tools/bin/../lib/gcc/arm-none-eabi/7.3.1/../../../../arm-none-eabi/lib/thumb/v7-m/crt0.o (memset)
d:/st/stm32cubeide_1.4.0/stm32cubeide/plugins/com.st.stm32cube.ide.mcu.externaltools.gnu-tools-for-stm32.7-2018-q2-update.win32_1.4.0.202007081208/tools/bin/../lib/gcc/arm-none-eabi/7.3.1/../../../../arm-none-eabi/lib/thumb/v7-m\libc_nano.a(lib_a-strcmp.o)
                              Inc/Schedular.o (strcmp)

Allocating common symbols
Common symbol       size              file

idleTaskIndication  0x1               Inc/Schedular.o
Task2Indication     0x1               Src/main.o
ReadyQueueFIFO      0x190             Inc/Schedular.o
Task1Indication     0x1               Src/main.o
SystTickIndication  0x1               Inc/CortexMxOS_Porting.o
OS_Control          0x1ac             Inc/Schedular.o
ReadyQueue          0x14              Inc/Schedular.o
MYRTOS_IdleTask     0x40              Inc/Schedular.o
Task1               0x40              Src/main.o
Task3               0x40              Src/main.o
Task3Indication     0x1               Src/main.o
Task2               0x40              Src/main.o

Discarded input sections

 .text          0x0000000000000000        0x0 d:/st/stm32cubeide_1.4.0/stm32cubeide/plugins/com.st.stm32cube.ide.mcu.externaltools.gnu-tools-for-stm32.7-2018-q2-update.win32_1.4.0.202007081208/tools/bin/../lib/gcc/arm-none-eabi/7.3.1/thumb/v7-m/crti.o
 .data          0x0000000000000000        0x0 d:/st/stm32cubeide_1.4.0/stm32cubeide/plugins/com.st.stm32cube.ide.mcu.externaltools.gnu-tools-for-stm32.7-2018-q2-update.win32_1.4.0.202007081208/tools/bin/../lib/gcc/arm-none-eabi/7.3.1/thumb/v7-m/crti.o
 .bss           0x0000000000000000        0x0 d:/st/stm32cubeide_1.4.0/stm32cubeide/plugins/com.st.stm32cube.ide.mcu.externaltools.gnu-tools-for-stm32.7-2018-q2-update.win32_1.4.0.202007081208/tools/bin/../lib/gcc/arm-none-eabi/7.3.1/thumb/v7-m/crti.o
 .data          0x0000000000000000        0x4 d:/st/stm32cubeide_1.4.0/stm32cubeide/plugins/com.st.stm32cube.ide.mcu.externaltools.gnu-tools-for-stm32.7-2018-q2-update.win32_1.4.0.202007081208/tools/bin/../lib/gcc/arm-none-eabi/7.3.1/thumb/v7-m/crtbegin.o
 .text          0x0000000000000000       0x74 d:/st/stm32cubeide_1.4.0/stm32cubeide/plugins/com.st.stm32cube.ide.mcu.externaltools.gnu-tools-for-stm32.7-2018-q2-update.win32_1.4.0.202007081208/tools/bin/../lib/gcc/arm-none-eabi/7.3.1/../../../../arm-none-eabi/lib/thumb/v7-m/crt0.o
 .data          0x0000000000000000        0x0 d:/st/stm32cubeide_1.4.0/stm32cubeide/plugins/com.st.stm32cube.ide.mcu.externaltools.gnu-tools-for-stm32.7-2018-q2-update.win32_1.4.0.202007081208/tools/bin/../lib/gcc/arm-none-eabi/7.3.1/../../../../arm-none-eabi/lib/thumb/v7-m/crt0.o
 .bss           0x0000000000000000        0x0 d:/st/stm32cubeide_1.4.0/stm32cubeide/plugins/com.st.stm32cube.ide.mcu.externaltools.gnu-tools-for-stm32.7-2018-q2-update.win32_1.4.0.202007081208/tools/bin/../lib/gcc/arm-none-eabi/7.3.1/../../../../arm-none-eabi/lib/thumb/v7-m/crt0.o
 .ARM.extab     0x0000000000000000        0x0 d:/st/stm32cubeide_1.4.0/stm32cubeide/plugins/com.st.stm32cube.ide.mcu.externaltools.gnu-tools-for-stm32.7-2018-q2-update.win32_1.4.0.202007081208/tools/bin/../lib/gcc/arm-none-eabi/7.3.1/../../../../arm-none-eabi/lib/thumb/v7-m/crt0.o
 .ARM.exidx     0x0000000000000000        0x8 d:/st/stm32cubeide_1.4.0/stm32cubeide/plugins/com.st.stm32cube.ide.mcu.externaltools.gnu-tools-for-stm32.7-2018-q2-update.win32_1.4.0.202007081208/tools/bin/../lib/gcc/arm-none-eabi/7.3.1/../../../../arm-none-eabi/lib/thumb/v7-m/crt0.o
 .ARM.attributes
                0x0000000000000000       0x1b d:/st/stm32cubeide_1.4.0/stm32cubeide/plugins/com.st.stm32cube.ide.mcu.externaltools.gnu-tools-for-stm32.7-2018-q2-update.win32_1.4.0.202007081208/tools/bin/../lib/gcc/arm-none-eabi/7.3.1/../../../../arm-none-eabi/lib/thumb/v7-m/crt0.o
 .group         0x0000000000000000        0xc Inc/CortexMxOS_Porting.o
 .group         0x0000000000000000        0xc Inc/CortexMxOS_Porting.o
 .group         0x0000000000000000        0xc Inc/CortexMxOS_Porting.o
 .group         0x0000000000000000        0xc Inc/CortexMxOS_Porting.o
 .group         0x0000000000000000        0xc Inc/CortexMxOS_Porting.o
 .group         0x0000000000000000        0xc Inc/CortexMxOS_Porting.o
 .group         0x0000000000000000        0xc Inc/CortexMxOS_Porting.o
 .group         0x0000000000000000        0xc Inc/CortexMxOS_Porting.o
 .group         0x0000000000000000        0xc Inc/CortexMxOS_Porting.o
 .group         0x0000000000000000        0xc Inc/CortexMxOS_Porting.o
 .group         0x0000000000000000        0xc Inc/CortexMxOS_Porting.o
 .group         0x0000000000000000        0xc Inc/CortexMxOS_Porting.o
 .group         0x0000000000000000        0xc Inc/CortexMxOS_Porting.o
 .text          0x0000000000000000        0x0 Inc/CortexMxOS_Porting.o
 .data          0x0000000000000000        0x0 Inc/CortexMxOS_Porting.o
 .bss           0x0000000000000000        0x0 Inc/CortexMxOS_Porting.o
 .group         0x0000000000000000        0xc Inc/My_RTOS_FIFO.o
 .group         0x0000000000000000        0xc Inc/My_RTOS_FIFO.o
 .group         0x0000000000000000        0xc Inc/My_RTOS_FIFO.o
 .group         0x0000000000000000        0xc Inc/My_RTOS_FIFO.o
 .group         0x0000000000000000        0xc Inc/My_RTOS_FIFO.o
 .group         0x0000000000000000        0xc Inc/My_RTOS_FIFO.o
 .group         0x0000000000000000        0xc Inc/My_RTOS_FIFO.o
 .group         0x0000000000000000        0xc Inc/My_RTOS_FIFO.o
 .group         0x0000000000000000        0xc Inc/My_RTOS_FIFO.o
 .group         0x0000000000000000        0xc Inc/My_RTOS_FIFO.o
 .group         0x0000000000000000        0xc Inc/My_RTOS_FIFO.o
 .group         0x0000000000000000        0xc Inc/My_RTOS_FIFO.o
 .group         0x0000000000000000        0xc Inc/My_RTOS_FIFO.o
 .group         0x0000000000000000        0xc Inc/My_RTOS_FIFO.o
 .group         0x0000000000000000        0xc Inc/My_RTOS_FIFO.o
 .group         0x0000000000000000        0xc Inc/My_RTOS_FIFO.o
 .group         0x0000000000000000        0xc Inc/My_RTOS_FIFO.o
 .group         0x0000000000000000        0xc Inc/My_RTOS_FIFO.o
 .group         0x0000000000000000        0xc Inc/My_RTOS_FIFO.o
 .group         0x0000000000000000        0xc Inc/My_RTOS_FIFO.o
 .group         0x0000000000000000        0xc Inc/My_RTOS_FIFO.o
 .group         0x0000000000000000        0xc Inc/My_RTOS_FIFO.o
 .group         0x0000000000000000        0xc Inc/My_RTOS_FIFO.o
 .group         0x0000000000000000        0xc Inc/My_RTOS_FIFO.o
 .group         0x0000000000000000        0xc Inc/My_RTOS_FIFO.o
 .group         0x0000000000000000        0xc Inc/My_RTOS_FIFO.o
 .group         0x0000000000000000        0xc Inc/My_RTOS_FIFO.o
 .group         0x0000000000000000        0xc Inc/My_RTOS_FIFO.o
 .group         0x0000000000000000        0xc Inc/My_RTOS_FIFO.o
 .group         0x0000000000000000        0xc Inc/My_RTOS_FIFO.o
 .group         0x0000000000000000        0xc Inc/My_RTOS_FIFO.o
 .group         0x0000000000000000        0xc Inc/My_RTOS_FIFO.o
 .group         0x0000000000000000        0xc Inc/My_RTOS_FIFO.o
 .group         0x0000000000000000        0xc Inc/My_RTOS_FIFO.o
 .group         0x0000000000000000        0xc Inc/My_RTOS_FIFO.o
 .group         0x0000000000000000        0xc Inc/My_RTOS_FIFO.o
 .group         0x0000000000000000        0xc Inc/My_RTOS_FIFO.o
 .group         0x0000000000000000        0xc Inc/My_RTOS_FIFO.o
 .text          0x0000000000000000        0x0 Inc/My_RTOS_FIFO.o
 .data          0x0000000000000000        0x0 Inc/My_RTOS_FIFO.o
 .bss           0x0000000000000000        0x0 Inc/My_RTOS_FIFO.o
 .text.FIFO_Is_Full
                0x0000000000000000       0x40 Inc/My_RTOS_FIFO.o
 .debug_macro   0x0000000000000000      0xa60 Inc/My_RTOS_FIFO.o
 .debug_macro   0x0000000000000000       0x22 Inc/My_RTOS_FIFO.o
 .debug_macro   0x0000000000000000       0x6a Inc/My_RTOS_FIFO.o
 .debug_macro   0x0000000000000000       0xef Inc/My_RTOS_FIFO.o
 .debug_macro   0x0000000000000000      0x1df Inc/My_RTOS_FIFO.o
 .debug_macro   0x0000000000000000       0x28 Inc/My_RTOS_FIFO.o
 .debug_macro   0x0000000000000000       0x1c Inc/My_RTOS_FIFO.o
 .debug_macro   0x0000000000000000       0x22 Inc/My_RTOS_FIFO.o
 .debug_macro   0x0000000000000000      0xe3c Inc/My_RTOS_FIFO.o
 .debug_macro   0x0000000000000000       0x2e Inc/My_RTOS_FIFO.o
 .group         0x0000000000000000        0xc Inc/Schedular.o
 .group         0x0000000000000000        0xc Inc/Schedular.o
 .group         0x0000000000000000        0xc Inc/Schedular.o
 .group         0x0000000000000000        0xc Inc/Schedular.o
 .group         0x0000000000000000        0xc Inc/Schedular.o
 .group         0x0000000000000000        0xc Inc/Schedular.o
 .group         0x0000000000000000        0xc Inc/Schedular.o
 .group         0x0000000000000000        0xc Inc/Schedular.o
 .group         0x0000000000000000        0xc Inc/Schedular.o
 .group         0x0000000000000000        0xc Inc/Schedular.o
 .group         0x0000000000000000        0xc Inc/Schedular.o
 .group         0x0000000000000000        0xc Inc/Schedular.o
 .group         0x0000000000000000        0xc Inc/Schedular.o
 .group         0x0000000000000000        0xc Inc/Schedular.o
 .group         0x0000000000000000        0xc Inc/Schedular.o
 .group         0x0000000000000000        0xc Inc/Schedular.o
 .group         0x0000000000000000        0xc Inc/Schedular.o
 .group         0x0000000000000000        0xc Inc/Schedular.o
 .group         0x0000000000000000        0xc Inc/Schedular.o
 .group         0x0000000000000000        0xc Inc/Schedular.o
 .group         0x0000000000000000        0xc Inc/Schedular.o
 .group         0x0000000000000000        0xc Inc/Schedular.o
 .group         0x0000000000000000        0xc Inc/Schedular.o
 .group         0x0000000000000000        0xc Inc/Schedular.o
 .group         0x0000000000000000        0xc Inc/Schedular.o
 .group         0x0000000000000000        0xc Inc/Schedular.o
 .group         0x0000000000000000        0xc Inc/Schedular.o
 .group         0x0000000000000000        0xc Inc/Schedular.o
 .group         0x0000000000000000        0xc Inc/Schedular.o
 .group         0x0000000000000000        0xc Inc/Schedular.o
 .group         0x0000000000000000        0xc Inc/Schedular.o
 .group         0x0000000000000000        0xc Inc/Schedular.o
 .group         0x0000000000000000        0xc Inc/Schedular.o
 .group         0x0000000000000000        0xc Inc/Schedular.o
 .group         0x0000000000000000        0xc Inc/Schedular.o
 .group         0x0000000000000000        0xc Inc/Schedular.o
 .group         0x0000000000000000        0xc Inc/Schedular.o
 .group         0x0000000000000000        0xc Inc/Schedular.o
 .group         0x0000000000000000        0xc Inc/Schedular.o
 .group         0x0000000000000000        0xc Inc/Schedular.o
 .group         0x0000000000000000        0xc Inc/Schedular.o
 .text          0x0000000000000000        0x0 Inc/Schedular.o
 .data          0x0000000000000000        0x0 Inc/Schedular.o
 .bss           0x0000000000000000        0x0 Inc/Schedular.o
 .text.MYRTOS_Terminate_Task
                0x0000000000000000       0x20 Inc/Schedular.o
 .debug_macro   0x0000000000000000      0xa60 Inc/Schedular.o
 .debug_macro   0x0000000000000000       0x28 Inc/Schedular.o
 .debug_macro   0x0000000000000000       0x22 Inc/Schedular.o
 .debug_macro   0x0000000000000000       0x8e Inc/Schedular.o
 .debug_macro   0x0000000000000000       0x51 Inc/Schedular.o
 .debug_macro   0x0000000000000000       0xef Inc/Schedular.o
 .debug_macro   0x0000000000000000       0x6a Inc/Schedular.o
 .debug_macro   0x0000000000000000      0x1df Inc/Schedular.o
 .debug_macro   0x0000000000000000       0x1c Inc/Schedular.o
 .debug_macro   0x0000000000000000       0x22 Inc/Schedular.o
 .debug_macro   0x0000000000000000       0xe5 Inc/Schedular.o
 .debug_macro   0x0000000000000000      0xe3c Inc/Schedular.o
 .debug_macro   0x0000000000000000       0x2e Inc/Schedular.o
 .debug_macro   0x0000000000000000       0x18 Inc/Schedular.o
 .debug_macro   0x0000000000000000       0x3c Inc/Schedular.o
 .debug_macro   0x0000000000000000       0x34 Inc/Schedular.o
 .debug_macro   0x0000000000000000       0x16 Inc/Schedular.o
 .debug_macro   0x0000000000000000       0x97 Inc/Schedular.o
 .debug_macro   0x0000000000000000       0xfd Inc/Schedular.o
 .debug_macro   0x0000000000000000       0x10 Inc/Schedular.o
 .debug_macro   0x0000000000000000       0x52 Inc/Schedular.o
 .debug_macro   0x0000000000000000       0x1f Inc/Schedular.o
 .debug_macro   0x0000000000000000       0x43 Inc/Schedular.o
 .debug_macro   0x0000000000000000       0x20 Inc/Schedular.o
 .debug_macro   0x0000000000000000      0x1a3 Inc/Schedular.o
 .debug_macro   0x0000000000000000       0x10 Inc/Schedular.o
 .debug_macro   0x0000000000000000       0x1c Inc/Schedular.o
 .debug_macro   0x0000000000000000       0x52 Inc/Schedular.o
 .debug_macro   0x0000000000000000       0x40 Inc/Schedular.o
 .debug_macro   0x0000000000000000       0x10 Inc/Schedular.o
 .debug_macro   0x0000000000000000       0x40 Inc/Schedular.o
 .debug_macro   0x0000000000000000       0xd7 Inc/Schedular.o
 .debug_macro   0x0000000000000000       0x1c Inc/Schedular.o
 .debug_macro   0x0000000000000000       0x3d Inc/Schedular.o
 .debug_macro   0x0000000000000000       0x16 Inc/Schedular.o
 .debug_macro   0x0000000000000000      0x145 Inc/Schedular.o
 .group         0x0000000000000000        0xc Src/main.o
 .group         0x0000000000000000        0xc Src/main.o
 .group         0x0000000000000000        0xc Src/main.o
 .group         0x0000000000000000        0xc Src/main.o
 .group         0x0000000000000000        0xc Src/main.o
 .group         0x0000000000000000        0xc Src/main.o
 .group         0x0000000000000000        0xc Src/main.o
 .group         0x0000000000000000        0xc Src/main.o
 .group         0x0000000000000000        0xc Src/main.o
 .group         0x0000000000000000        0xc Src/main.o
 .group         0x0000000000000000        0xc Src/main.o
 .group         0x0000000000000000        0xc Src/main.o
 .group         0x0000000000000000        0xc Src/main.o
 .group         0x0000000000000000        0xc Src/main.o
 .group         0x0000000000000000        0xc Src/main.o
 .group         0x0000000000000000        0xc Src/main.o
 .group         0x0000000000000000        0xc Src/main.o
 .group         0x0000000000000000        0xc Src/main.o
 .group         0x0000000000000000        0xc Src/main.o
 .group         0x0000000000000000        0xc Src/main.o
 .group         0x0000000000000000        0xc Src/main.o
 .group         0x0000000000000000        0xc Src/main.o
 .group         0x0000000000000000        0xc Src/main.o
 .group         0x0000000000000000        0xc Src/main.o
 .group         0x0000000000000000        0xc Src/main.o
 .group         0x0000000000000000        0xc Src/main.o
 .group         0x0000000000000000        0xc Src/main.o
 .text          0x0000000000000000        0x0 Src/main.o
 .data          0x0000000000000000        0x0 Src/main.o
 .bss           0x0000000000000000        0x0 Src/main.o
 .debug_macro   0x0000000000000000      0xa60 Src/main.o
 .debug_macro   0x0000000000000000       0x28 Src/main.o
 .debug_macro   0x0000000000000000       0x22 Src/main.o
 .debug_macro   0x0000000000000000       0x8e Src/main.o
 .debug_macro   0x0000000000000000       0x51 Src/main.o
 .debug_macro   0x0000000000000000       0xef Src/main.o
 .debug_macro   0x0000000000000000       0x6a Src/main.o
 .debug_macro   0x0000000000000000      0x1df Src/main.o
 .debug_macro   0x0000000000000000       0x1c Src/main.o
 .debug_macro   0x0000000000000000       0x22 Src/main.o
 .debug_macro   0x0000000000000000       0xe5 Src/main.o
 .debug_macro   0x0000000000000000      0xe3c Src/main.o
 .debug_macro   0x0000000000000000       0x2e Src/main.o
 .debug_macro   0x0000000000000000       0x46 Src/main.o
 .debug_macro   0x0000000000000000       0x18 Src/main.o
 .debug_macro   0x0000000000000000       0x3c Src/main.o
 .debug_macro   0x0000000000000000       0x34 Src/main.o
 .debug_macro   0x0000000000000000       0x52 Src/main.o
 .debug_macro   0x0000000000000000       0x1f Src/main.o
 .debug_macro   0x0000000000000000       0x43 Src/main.o
 .debug_macro   0x0000000000000000       0x20 Src/main.o
 .debug_macro   0x0000000000000000      0x1a3 Src/main.o
 .debug_macro   0x0000000000000000      0x32a Src/main.o
 .debug_macro   0x0000000000000000       0x35 Src/main.o
 .debug_macro   0x0000000000000000       0x20 Src/main.o
 .group         0x0000000000000000        0xc Src/syscalls.o
 .group         0x0000000000000000        0xc Src/syscalls.o
 .group         0x0000000000000000        0xc Src/syscalls.o
 .group         0x0000000000000000        0xc Src/syscalls.o
 .group         0x0000000000000000        0xc Src/syscalls.o
 .group         0x0000000000000000        0xc Src/syscalls.o
 .group         0x0000000000000000        0xc Src/syscalls.o
 .group         0x0000000000000000        0xc Src/syscalls.o
 .group         0x0000000000000000        0xc Src/syscalls.o
 .group         0x0000000000000000        0xc Src/syscalls.o
 .group         0x0000000000000000        0xc Src/syscalls.o
 .group         0x0000000000000000        0xc Src/syscalls.o
 .group         0x0000000000000000        0xc Src/syscalls.o
 .group         0x0000000000000000        0xc Src/syscalls.o
 .group         0x0000000000000000        0xc Src/syscalls.o
 .group         0x0000000000000000        0xc Src/syscalls.o
 .group         0x0000000000000000        0xc Src/syscalls.o
 .group         0x0000000000000000        0xc Src/syscalls.o
 .group         0x0000000000000000        0xc Src/syscalls.o
 .group         0x0000000000000000        0xc Src/syscalls.o
 .group         0x0000000000000000        0xc Src/syscalls.o
 .group         0x0000000000000000        0xc Src/syscalls.o
 .group         0x0000000000000000        0xc Src/syscalls.o
 .group         0x0000000000000000        0xc Src/syscalls.o
 .group         0x0000000000000000        0xc Src/syscalls.o
 .group         0x0000000000000000        0xc Src/syscalls.o
 .group         0x0000000000000000        0xc Src/syscalls.o
 .group         0x0000000000000000        0xc Src/syscalls.o
 .group         0x0000000000000000        0xc Src/syscalls.o
 .group         0x0000000000000000        0xc Src/syscalls.o
 .group         0x0000000000000000        0xc Src/syscalls.o
 .group         0x0000000000000000        0xc Src/syscalls.o
 .group         0x0000000000000000        0xc Src/syscalls.o
 .group         0x0000000000000000        0xc Src/syscalls.o
 .group         0x0000000000000000        0xc Src/syscalls.o
 .group         0x0000000000000000        0xc Src/syscalls.o
 .group         0x0000000000000000        0xc Src/syscalls.o
 .group         0x0000000000000000        0xc Src/syscalls.o
 .group         0x0000000000000000        0xc Src/syscalls.o
 .group         0x0000000000000000        0xc Src/syscalls.o
 .group         0x0000000000000000        0xc Src/syscalls.o
 .group         0x0000000000000000        0xc Src/syscalls.o
 .group         0x0000000000000000        0xc Src/syscalls.o
 .group         0x0000000000000000        0xc Src/syscalls.o
 .text          0x0000000000000000        0x0 Src/syscalls.o
 .data          0x0000000000000000        0x0 Src/syscalls.o
 .bss           0x0000000000000000        0x0 Src/syscalls.o
 .bss.__env     0x0000000000000000        0x4 Src/syscalls.o
 .data.environ  0x0000000000000000        0x4 Src/syscalls.o
 .text.initialise_monitor_handles
                0x0000000000000000        0xc Src/syscalls.o
 .text._getpid  0x0000000000000000        0xe Src/syscalls.o
 .text._kill    0x0000000000000000       0x20 Src/syscalls.o
 .text._exit    0x0000000000000000       0x14 Src/syscalls.o
 .text._read    0x0000000000000000       0x3a Src/syscalls.o
 .text._write   0x0000000000000000       0x38 Src/syscalls.o
 .text._close   0x0000000000000000       0x16 Src/syscalls.o
 .text._fstat   0x0000000000000000       0x1e Src/syscalls.o
 .text._isatty  0x0000000000000000       0x14 Src/syscalls.o
 .text._lseek   0x0000000000000000       0x18 Src/syscalls.o
 .text._open    0x0000000000000000       0x1a Src/syscalls.o
 .text._wait    0x0000000000000000       0x1e Src/syscalls.o
 .text._unlink  0x0000000000000000       0x1e Src/syscalls.o
 .text._times   0x0000000000000000       0x16 Src/syscalls.o
 .text._stat    0x0000000000000000       0x1e Src/syscalls.o
 .text._link    0x0000000000000000       0x20 Src/syscalls.o
 .text._fork    0x0000000000000000       0x16 Src/syscalls.o
 .text._execve  0x0000000000000000       0x22 Src/syscalls.o
 .debug_info    0x0000000000000000      0xeb2 Src/syscalls.o
 .debug_abbrev  0x0000000000000000      0x252 Src/syscalls.o
 .debug_aranges
                0x0000000000000000       0xa8 Src/syscalls.o
 .debug_ranges  0x0000000000000000       0x98 Src/syscalls.o
 .debug_macro   0x0000000000000000      0x243 Src/syscalls.o
 .debug_macro   0x0000000000000000      0xa60 Src/syscalls.o
 .debug_macro   0x0000000000000000       0x22 Src/syscalls.o
 .debug_macro   0x0000000000000000       0x40 Src/syscalls.o
 .debug_macro   0x0000000000000000       0x18 Src/syscalls.o
 .debug_macro   0x0000000000000000       0x94 Src/syscalls.o
 .debug_macro   0x0000000000000000       0x3c Src/syscalls.o
 .debug_macro   0x0000000000000000       0x34 Src/syscalls.o
 .debug_macro   0x0000000000000000       0x57 Src/syscalls.o
 .debug_macro   0x0000000000000000      0x174 Src/syscalls.o
 .debug_macro   0x0000000000000000      0x330 Src/syscalls.o
 .debug_macro   0x0000000000000000       0x52 Src/syscalls.o
 .debug_macro   0x0000000000000000       0x1f Src/syscalls.o
 .debug_macro   0x0000000000000000       0x43 Src/syscalls.o
 .debug_macro   0x0000000000000000       0x20 Src/syscalls.o
 .debug_macro   0x0000000000000000      0x1a3 Src/syscalls.o
 .debug_macro   0x0000000000000000       0x10 Src/syscalls.o
 .debug_macro   0x0000000000000000       0x35 Src/syscalls.o
 .debug_macro   0x0000000000000000       0x10 Src/syscalls.o
 .debug_macro   0x0000000000000000       0x10 Src/syscalls.o
 .debug_macro   0x0000000000000000       0x10 Src/syscalls.o
 .debug_macro   0x0000000000000000       0x6a Src/syscalls.o
 .debug_macro   0x0000000000000000       0x1c Src/syscalls.o
 .debug_macro   0x0000000000000000       0x52 Src/syscalls.o
 .debug_macro   0x0000000000000000       0x40 Src/syscalls.o
 .debug_macro   0x0000000000000000       0x10 Src/syscalls.o
 .debug_macro   0x0000000000000000       0x40 Src/syscalls.o
 .debug_macro   0x0000000000000000       0xd7 Src/syscalls.o
 .debug_macro   0x0000000000000000       0x1c Src/syscalls.o
 .debug_macro   0x0000000000000000       0x3d Src/syscalls.o
 .debug_macro   0x0000000000000000       0x35 Src/syscalls.o
 .debug_macro   0x0000000000000000      0x122 Src/syscalls.o
 .debug_macro   0x0000000000000000       0x16 Src/syscalls.o
 .debug_macro   0x0000000000000000       0x16 Src/syscalls.o
 .debug_macro   0x0000000000000000       0x29 Src/syscalls.o
 .debug_macro   0x0000000000000000       0x10 Src/syscalls.o
 .debug_macro   0x0000000000000000      0x241 Src/syscalls.o
 .debug_macro   0x0000000000000000       0x1c Src/syscalls.o
 .debug_macro   0x0000000000000000       0x10 Src/syscalls.o
 .debug_macro   0x0000000000000000       0x10 Src/syscalls.o
 .debug_macro   0x0000000000000000       0x16 Src/syscalls.o
 .debug_macro   0x0000000000000000      0x145 Src/syscalls.o
 .debug_macro   0x0000000000000000      0x189 Src/syscalls.o
 .debug_macro   0x0000000000000000       0x16 Src/syscalls.o
 .debug_macro   0x0000000000000000       0x88 Src/syscalls.o
 .debug_line    0x0000000000000000      0x739 Src/syscalls.o
 .debug_str     0x0000000000000000     0x886b Src/syscalls.o
 .comment       0x0000000000000000       0x7c Src/syscalls.o
 .debug_frame   0x0000000000000000      0x2ac Src/syscalls.o
 .ARM.attributes
                0x0000000000000000       0x33 Src/syscalls.o
 .group         0x0000000000000000        0xc Src/sysmem.o
 .group         0x0000000000000000        0xc Src/sysmem.o
 .group         0x0000000000000000        0xc Src/sysmem.o
 .group         0x0000000000000000        0xc Src/sysmem.o
 .group         0x0000000000000000        0xc Src/sysmem.o
 .group         0x0000000000000000        0xc Src/sysmem.o
 .group         0x0000000000000000        0xc Src/sysmem.o
 .group         0x0000000000000000        0xc Src/sysmem.o
 .group         0x0000000000000000        0xc Src/sysmem.o
 .group         0x0000000000000000        0xc Src/sysmem.o
 .group         0x0000000000000000        0xc Src/sysmem.o
 .group         0x0000000000000000        0xc Src/sysmem.o
 .group         0x0000000000000000        0xc Src/sysmem.o
 .group         0x0000000000000000        0xc Src/sysmem.o
 .group         0x0000000000000000        0xc Src/sysmem.o
 .group         0x0000000000000000        0xc Src/sysmem.o
 .group         0x0000000000000000        0xc Src/sysmem.o
 .group         0x0000000000000000        0xc Src/sysmem.o
 .group         0x0000000000000000        0xc Src/sysmem.o
 .text          0x0000000000000000        0x0 Src/sysmem.o
 .data          0x0000000000000000        0x0 Src/sysmem.o
 .bss           0x0000000000000000        0x0 Src/sysmem.o
 .bss.__sbrk_heap_end
                0x0000000000000000        0x4 Src/sysmem.o
 .text._sbrk    0x0000000000000000       0x6c Src/sysmem.o
 .debug_info    0x0000000000000000      0x985 Src/sysmem.o
 .debug_abbrev  0x0000000000000000      0x19b Src/sysmem.o
 .debug_aranges
                0x0000000000000000       0x20 Src/sysmem.o
 .debug_ranges  0x0000000000000000       0x10 Src/sysmem.o
 .debug_macro   0x0000000000000000       0xee Src/sysmem.o
 .debug_macro   0x0000000000000000      0xa60 Src/sysmem.o
 .debug_macro   0x0000000000000000       0x10 Src/sysmem.o
 .debug_macro   0x0000000000000000       0x22 Src/sysmem.o
 .debug_macro   0x0000000000000000       0x40 Src/sysmem.o
 .debug_macro   0x0000000000000000       0x18 Src/sysmem.o
 .debug_macro   0x0000000000000000       0x94 Src/sysmem.o
 .debug_macro   0x0000000000000000       0x3c Src/sysmem.o
 .debug_macro   0x0000000000000000       0x34 Src/sysmem.o
 .debug_macro   0x0000000000000000      0x174 Src/sysmem.o
 .debug_macro   0x0000000000000000       0x57 Src/sysmem.o
 .debug_macro   0x0000000000000000       0x52 Src/sysmem.o
 .debug_macro   0x0000000000000000       0x1f Src/sysmem.o
 .debug_macro   0x0000000000000000       0x43 Src/sysmem.o
 .debug_macro   0x0000000000000000       0x20 Src/sysmem.o
 .debug_macro   0x0000000000000000      0x1a3 Src/sysmem.o
 .debug_macro   0x0000000000000000      0x23b Src/sysmem.o
 .debug_macro   0x0000000000000000       0xef Src/sysmem.o
 .debug_macro   0x0000000000000000       0x6a Src/sysmem.o
 .debug_macro   0x0000000000000000      0x1df Src/sysmem.o
 .debug_line    0x0000000000000000      0x4c2 Src/sysmem.o
 .debug_str     0x0000000000000000     0x5f43 Src/sysmem.o
 .comment       0x0000000000000000       0x7c Src/sysmem.o
 .debug_frame   0x0000000000000000       0x34 Src/sysmem.o
 .ARM.attributes
                0x0000000000000000       0x33 Src/sysmem.o
 .text          0x0000000000000000       0x14 Startup/startup_stm32f103c6tx.o
 .data          0x0000000000000000        0x0 Startup/startup_stm32f103c6tx.o
 .bss           0x0000000000000000        0x0 Startup/startup_stm32f103c6tx.o
 .text          0x0000000000000000        0x0 d:/st/stm32cubeide_1.4.0/stm32cubeide/plugins/com.st.stm32cube.ide.mcu.externaltools.gnu-tools-for-stm32.7-2018-q2-update.win32_1.4.0.202007081208/tools/bin/../lib/gcc/arm-none-eabi/7.3.1/../../../../arm-none-eabi/lib/thumb/v7-m\libc_nano.a(lib_a-errno.o)
 .data          0x0000000000000000        0x0 d:/st/stm32cubeide_1.4.0/stm32cubeide/plugins/com.st.stm32cube.ide.mcu.externaltools.gnu-tools-for-stm32.7-2018-q2-update.win32_1.4.0.202007081208/tools/bin/../lib/gcc/arm-none-eabi/7.3.1/../../../../arm-none-eabi/lib/thumb/v7-m\libc_nano.a(lib_a-errno.o)
 .bss           0x0000000000000000        0x0 d:/st/stm32cubeide_1.4.0/stm32cubeide/plugins/com.st.stm32cube.ide.mcu.externaltools.gnu-tools-for-stm32.7-2018-q2-update.win32_1.4.0.202007081208/tools/bin/../lib/gcc/arm-none-eabi/7.3.1/../../../../arm-none-eabi/lib/thumb/v7-m\libc_nano.a(lib_a-errno.o)
 .text.__errno  0x0000000000000000        0xc d:/st/stm32cubeide_1.4.0/stm32cubeide/plugins/com.st.stm32cube.ide.mcu.externaltools.gnu-tools-for-stm32.7-2018-q2-update.win32_1.4.0.202007081208/tools/bin/../lib/gcc/arm-none-eabi/7.3.1/../../../../arm-none-eabi/lib/thumb/v7-m\libc_nano.a(lib_a-errno.o)
 .debug_frame   0x0000000000000000       0x20 d:/st/stm32cubeide_1.4.0/stm32cubeide/plugins/com.st.stm32cube.ide.mcu.externaltools.gnu-tools-for-stm32.7-2018-q2-update.win32_1.4.0.202007081208/tools/bin/../lib/gcc/arm-none-eabi/7.3.1/../../../../arm-none-eabi/lib/thumb/v7-m\libc_nano.a(lib_a-errno.o)
 .ARM.attributes
                0x0000000000000000       0x2d d:/st/stm32cubeide_1.4.0/stm32cubeide/plugins/com.st.stm32cube.ide.mcu.externaltools.gnu-tools-for-stm32.7-2018-q2-update.win32_1.4.0.202007081208/tools/bin/../lib/gcc/arm-none-eabi/7.3.1/../../../../arm-none-eabi/lib/thumb/v7-m\libc_nano.a(lib_a-errno.o)
 .text          0x0000000000000000        0x0 d:/st/stm32cubeide_1.4.0/stm32cubeide/plugins/com.st.stm32cube.ide.mcu.externaltools.gnu-tools-for-stm32.7-2018-q2-update.win32_1.4.0.202007081208/tools/bin/../lib/gcc/arm-none-eabi/7.3.1/../../../../arm-none-eabi/lib/thumb/v7-m\libc_nano.a(lib_a-exit.o)
 .data          0x0000000000000000        0x0 d:/st/stm32cubeide_1.4.0/stm32cubeide/plugins/com.st.stm32cube.ide.mcu.externaltools.gnu-tools-for-stm32.7-2018-q2-update.win32_1.4.0.202007081208/tools/bin/../lib/gcc/arm-none-eabi/7.3.1/../../../../arm-none-eabi/lib/thumb/v7-m\libc_nano.a(lib_a-exit.o)
 .bss           0x0000000000000000        0x0 d:/st/stm32cubeide_1.4.0/stm32cubeide/plugins/com.st.stm32cube.ide.mcu.externaltools.gnu-tools-for-stm32.7-2018-q2-update.win32_1.4.0.202007081208/tools/bin/../lib/gcc/arm-none-eabi/7.3.1/../../../../arm-none-eabi/lib/thumb/v7-m\libc_nano.a(lib_a-exit.o)
 .text.exit     0x0000000000000000       0x28 d:/st/stm32cubeide_1.4.0/stm32cubeide/plugins/com.st.stm32cube.ide.mcu.externaltools.gnu-tools-for-stm32.7-2018-q2-update.win32_1.4.0.202007081208/tools/bin/../lib/gcc/arm-none-eabi/7.3.1/../../../../arm-none-eabi/lib/thumb/v7-m\libc_nano.a(lib_a-exit.o)
 .debug_frame   0x0000000000000000       0x28 d:/st/stm32cubeide_1.4.0/stm32cubeide/plugins/com.st.stm32cube.ide.mcu.externaltools.gnu-tools-for-stm32.7-2018-q2-update.win32_1.4.0.202007081208/tools/bin/../lib/gcc/arm-none-eabi/7.3.1/../../../../arm-none-eabi/lib/thumb/v7-m\libc_nano.a(lib_a-exit.o)
 .ARM.attributes
                0x0000000000000000       0x2d d:/st/stm32cubeide_1.4.0/stm32cubeide/plugins/com.st.stm32cube.ide.mcu.externaltools.gnu-tools-for-stm32.7-2018-q2-update.win32_1.4.0.202007081208/tools/bin/../lib/gcc/arm-none-eabi/7.3.1/../../../../arm-none-eabi/lib/thumb/v7-m\libc_nano.a(lib_a-exit.o)
 .text          0x0000000000000000        0x0 d:/st/stm32cubeide_1.4.0/stm32cubeide/plugins/com.st.stm32cube.ide.mcu.externaltools.gnu-tools-for-stm32.7-2018-q2-update.win32_1.4.0.202007081208/tools/bin/../lib/gcc/arm-none-eabi/7.3.1/../../../../arm-none-eabi/lib/thumb/v7-m\libc_nano.a(lib_a-impure.o)
 .data          0x0000000000000000        0x0 d:/st/stm32cubeide_1.4.0/stm32cubeide/plugins/com.st.stm32cube.ide.mcu.externaltools.gnu-tools-for-stm32.7-2018-q2-update.win32_1.4.0.202007081208/tools/bin/../lib/gcc/arm-none-eabi/7.3.1/../../../../arm-none-eabi/lib/thumb/v7-m\libc_nano.a(lib_a-impure.o)
 .bss           0x0000000000000000        0x0 d:/st/stm32cubeide_1.4.0/stm32cubeide/plugins/com.st.stm32cube.ide.mcu.externaltools.gnu-tools-for-stm32.7-2018-q2-update.win32_1.4.0.202007081208/tools/bin/../lib/gcc/arm-none-eabi/7.3.1/../../../../arm-none-eabi/lib/thumb/v7-m\libc_nano.a(lib_a-impure.o)
 .data._impure_ptr
                0x0000000000000000        0x4 d:/st/stm32cubeide_1.4.0/stm32cubeide/plugins/com.st.stm32cube.ide.mcu.externaltools.gnu-tools-for-stm32.7-2018-q2-update.win32_1.4.0.202007081208/tools/bin/../lib/gcc/arm-none-eabi/7.3.1/../../../../arm-none-eabi/lib/thumb/v7-m\libc_nano.a(lib_a-impure.o)
 .data.impure_data
                0x0000000000000000       0x60 d:/st/stm32cubeide_1.4.0/stm32cubeide/plugins/com.st.stm32cube.ide.mcu.externaltools.gnu-tools-for-stm32.7-2018-q2-update.win32_1.4.0.202007081208/tools/bin/../lib/gcc/arm-none-eabi/7.3.1/../../../../arm-none-eabi/lib/thumb/v7-m\libc_nano.a(lib_a-impure.o)
 .rodata._global_impure_ptr
                0x0000000000000000        0x4 d:/st/stm32cubeide_1.4.0/stm32cubeide/plugins/com.st.stm32cube.ide.mcu.externaltools.gnu-tools-for-stm32.7-2018-q2-update.win32_1.4.0.202007081208/tools/bin/../lib/gcc/arm-none-eabi/7.3.1/../../../../arm-none-eabi/lib/thumb/v7-m\libc_nano.a(lib_a-impure.o)
 .ARM.attributes
                0x0000000000000000       0x2d d:/st/stm32cubeide_1.4.0/stm32cubeide/plugins/com.st.stm32cube.ide.mcu.externaltools.gnu-tools-for-stm32.7-2018-q2-update.win32_1.4.0.202007081208/tools/bin/../lib/gcc/arm-none-eabi/7.3.1/../../../../arm-none-eabi/lib/thumb/v7-m\libc_nano.a(lib_a-impure.o)
 .text          0x0000000000000000        0x0 d:/st/stm32cubeide_1.4.0/stm32cubeide/plugins/com.st.stm32cube.ide.mcu.externaltools.gnu-tools-for-stm32.7-2018-q2-update.win32_1.4.0.202007081208/tools/bin/../lib/gcc/arm-none-eabi/7.3.1/../../../../arm-none-eabi/lib/thumb/v7-m\libc_nano.a(lib_a-init.o)
 .data          0x0000000000000000        0x0 d:/st/stm32cubeide_1.4.0/stm32cubeide/plugins/com.st.stm32cube.ide.mcu.externaltools.gnu-tools-for-stm32.7-2018-q2-update.win32_1.4.0.202007081208/tools/bin/../lib/gcc/arm-none-eabi/7.3.1/../../../../arm-none-eabi/lib/thumb/v7-m\libc_nano.a(lib_a-init.o)
 .bss           0x0000000000000000        0x0 d:/st/stm32cubeide_1.4.0/stm32cubeide/plugins/com.st.stm32cube.ide.mcu.externaltools.gnu-tools-for-stm32.7-2018-q2-update.win32_1.4.0.202007081208/tools/bin/../lib/gcc/arm-none-eabi/7.3.1/../../../../arm-none-eabi/lib/thumb/v7-m\libc_nano.a(lib_a-init.o)
 .text          0x0000000000000000        0x0 d:/st/stm32cubeide_1.4.0/stm32cubeide/plugins/com.st.stm32cube.ide.mcu.externaltools.gnu-tools-for-stm32.7-2018-q2-update.win32_1.4.0.202007081208/tools/bin/../lib/gcc/arm-none-eabi/7.3.1/../../../../arm-none-eabi/lib/thumb/v7-m\libc_nano.a(lib_a-memset.o)
 .data          0x0000000000000000        0x0 d:/st/stm32cubeide_1.4.0/stm32cubeide/plugins/com.st.stm32cube.ide.mcu.externaltools.gnu-tools-for-stm32.7-2018-q2-update.win32_1.4.0.202007081208/tools/bin/../lib/gcc/arm-none-eabi/7.3.1/../../../../arm-none-eabi/lib/thumb/v7-m\libc_nano.a(lib_a-memset.o)
 .bss           0x0000000000000000        0x0 d:/st/stm32cubeide_1.4.0/stm32cubeide/plugins/com.st.stm32cube.ide.mcu.externaltools.gnu-tools-for-stm32.7-2018-q2-update.win32_1.4.0.202007081208/tools/bin/../lib/gcc/arm-none-eabi/7.3.1/../../../../arm-none-eabi/lib/thumb/v7-m\libc_nano.a(lib_a-memset.o)
 .text.memset   0x0000000000000000       0x10 d:/st/stm32cubeide_1.4.0/stm32cubeide/plugins/com.st.stm32cube.ide.mcu.externaltools.gnu-tools-for-stm32.7-2018-q2-update.win32_1.4.0.202007081208/tools/bin/../lib/gcc/arm-none-eabi/7.3.1/../../../../arm-none-eabi/lib/thumb/v7-m\libc_nano.a(lib_a-memset.o)
 .debug_frame   0x0000000000000000       0x20 d:/st/stm32cubeide_1.4.0/stm32cubeide/plugins/com.st.stm32cube.ide.mcu.externaltools.gnu-tools-for-stm32.7-2018-q2-update.win32_1.4.0.202007081208/tools/bin/../lib/gcc/arm-none-eabi/7.3.1/../../../../arm-none-eabi/lib/thumb/v7-m\libc_nano.a(lib_a-memset.o)
 .ARM.attributes
                0x0000000000000000       0x2d d:/st/stm32cubeide_1.4.0/stm32cubeide/plugins/com.st.stm32cube.ide.mcu.externaltools.gnu-tools-for-stm32.7-2018-q2-update.win32_1.4.0.202007081208/tools/bin/../lib/gcc/arm-none-eabi/7.3.1/../../../../arm-none-eabi/lib/thumb/v7-m\libc_nano.a(lib_a-memset.o)
 .data          0x0000000000000000        0x0 d:/st/stm32cubeide_1.4.0/stm32cubeide/plugins/com.st.stm32cube.ide.mcu.externaltools.gnu-tools-for-stm32.7-2018-q2-update.win32_1.4.0.202007081208/tools/bin/../lib/gcc/arm-none-eabi/7.3.1/../../../../arm-none-eabi/lib/thumb/v7-m\libc_nano.a(lib_a-strcmp.o)
 .bss           0x0000000000000000        0x0 d:/st/stm32cubeide_1.4.0/stm32cubeide/plugins/com.st.stm32cube.ide.mcu.externaltools.gnu-tools-for-stm32.7-2018-q2-update.win32_1.4.0.202007081208/tools/bin/../lib/gcc/arm-none-eabi/7.3.1/../../../../arm-none-eabi/lib/thumb/v7-m\libc_nano.a(lib_a-strcmp.o)
 .text          0x0000000000000000        0x0 d:/st/stm32cubeide_1.4.0/stm32cubeide/plugins/com.st.stm32cube.ide.mcu.externaltools.gnu-tools-for-stm32.7-2018-q2-update.win32_1.4.0.202007081208/tools/bin/../lib/gcc/arm-none-eabi/7.3.1/thumb/v7-m/crtend.o
 .data          0x0000000000000000        0x0 d:/st/stm32cubeide_1.4.0/stm32cubeide/plugins/com.st.stm32cube.ide.mcu.externaltools.gnu-tools-for-stm32.7-2018-q2-update.win32_1.4.0.202007081208/tools/bin/../lib/gcc/arm-none-eabi/7.3.1/thumb/v7-m/crtend.o
 .bss           0x0000000000000000        0x0 d:/st/stm32cubeide_1.4.0/stm32cubeide/plugins/com.st.stm32cube.ide.mcu.externaltools.gnu-tools-for-stm32.7-2018-q2-update.win32_1.4.0.202007081208/tools/bin/../lib/gcc/arm-none-eabi/7.3.1/thumb/v7-m/crtend.o
 .eh_frame      0x0000000000000000        0x4 d:/st/stm32cubeide_1.4.0/stm32cubeide/plugins/com.st.stm32cube.ide.mcu.externaltools.gnu-tools-for-stm32.7-2018-q2-update.win32_1.4.0.202007081208/tools/bin/../lib/gcc/arm-none-eabi/7.3.1/thumb/v7-m/crtend.o
 .ARM.attributes
                0x0000000000000000       0x2d d:/st/stm32cubeide_1.4.0/stm32cubeide/plugins/com.st.stm32cube.ide.mcu.externaltools.gnu-tools-for-stm32.7-2018-q2-update.win32_1.4.0.202007081208/tools/bin/../lib/gcc/arm-none-eabi/7.3.1/thumb/v7-m/crtend.o
 .text          0x0000000000000000        0x0 d:/st/stm32cubeide_1.4.0/stm32cubeide/plugins/com.st.stm32cube.ide.mcu.externaltools.gnu-tools-for-stm32.7-2018-q2-update.win32_1.4.0.202007081208/tools/bin/../lib/gcc/arm-none-eabi/7.3.1/thumb/v7-m/crtn.o
 .data          0x0000000000000000        0x0 d:/st/stm32cubeide_1.4.0/stm32cubeide/plugins/com.st.stm32cube.ide.mcu.externaltools.gnu-tools-for-stm32.7-2018-q2-update.win32_1.4.0.202007081208/tools/bin/../lib/gcc/arm-none-eabi/7.3.1/thumb/v7-m/crtn.o
 .bss           0x0000000000000000        0x0 d:/st/stm32cubeide_1.4.0/stm32cubeide/plugins/com.st.stm32cube.ide.mcu.externaltools.gnu-tools-for-stm32.7-2018-q2-update.win32_1.4.0.202007081208/tools/bin/../lib/gcc/arm-none-eabi/7.3.1/thumb/v7-m/crtn.o

Memory Configuration

Name             Origin             Length             Attributes
RAM              0x0000000020000000 0x0000000000002800 xrw
ROM              0x0000000008000000 0x0000000000008000 xr
*default*        0x0000000000000000 0xffffffffffffffff

Linker script and memory map

LOAD d:/st/stm32cubeide_1.4.0/stm32cubeide/plugins/com.st.stm32cube.ide.mcu.externaltools.gnu-tools-for-stm32.7-2018-q2-update.win32_1.4.0.202007081208/tools/bin/../lib/gcc/arm-none-eabi/7.3.1/thumb/v7-m/crti.o
LOAD d:/st/stm32cubeide_1.4.0/stm32cubeide/plugins/com.st.stm32cube.ide.mcu.externaltools.gnu-tools-for-stm32.7-2018-q2-update.win32_1.4.0.202007081208/tools/bin/../lib/gcc/arm-none-eabi/7.3.1/thumb/v7-m/crtbegin.o
LOAD d:/st/stm32cubeide_1.4.0/stm32cubeide/plugins/com.st.stm32cube.ide.mcu.externaltools.gnu-tools-for-stm32.7-2018-q2-update.win32_1.4.0.202007081208/tools/bin/../lib/gcc/arm-none-eabi/7.3.1/../../../../arm-none-eabi/lib/thumb/v7-m/crt0.o
LOAD Inc/CortexMxOS_Porting.o
LOAD Inc/My_RTOS_FIFO.o
LOAD Inc/Schedular.o
LOAD Src/main.o
LOAD Src/syscalls.o
LOAD Src/sysmem.o
LOAD Startup/startup_stm32f103c6tx.o
START GROUP
LOAD d:/st/stm32cubeide_1.4.0/stm32cubeide/plugins/com.st.stm32cube.ide.mcu.externaltools.gnu-tools-for-stm32.7-2018-q2-update.win32_1.4.0.202007081208/tools/bin/../lib/gcc/arm-none-eabi/7.3.1/../../../../arm-none-eabi/lib/thumb/v7-m\libc_nano.a
LOAD d:/st/stm32cubeide_1.4.0/stm32cubeide/plugins/com.st.stm32cube.ide.mcu.externaltools.gnu-tools-for-stm32.7-2018-q2-update.win32_1.4.0.202007081208/tools/bin/../lib/gcc/arm-none-eabi/7.3.1/../../../../arm-none-eabi/lib/thumb/v7-m\libm.a
END GROUP
START GROUP
LOAD d:/st/stm32cubeide_1.4.0/stm32cubeide/plugins/com.st.stm32cube.ide.mcu.externaltools.gnu-tools-for-stm32.7-2018-q2-update.win32_1.4.0.202007081208/tools/bin/../lib/gcc/arm-none-eabi/7.3.1/thumb/v7-m\libgcc.a
LOAD d:/st/stm32cubeide_1.4.0/stm32cubeide/plugins/com.st.stm32cube.ide.mcu.externaltools.gnu-tools-for-stm32.7-2018-q2-update.win32_1.4.0.202007081208/tools/bin/../lib/gcc/arm-none-eabi/7.3.1/../../../../arm-none-eabi/lib/thumb/v7-m\libc_nano.a
END GROUP
START GROUP
LOAD d:/st/stm32cubeide_1.4.0/stm32cubeide/plugins/com.st.stm32cube.ide.mcu.externaltools.gnu-tools-for-stm32.7-2018-q2-update.win32_1.4.0.202007081208/tools/bin/../lib/gcc/arm-none-eabi/7.3.1/thumb/v7-m\libgcc.a
LOAD d:/st/stm32cubeide_1.4.0/stm32cubeide/plugins/com.st.stm32cube.ide.mcu.externaltools.gnu-tools-for-stm32.7-2018-q2-update.win32_1.4.0.202007081208/tools/bin/../lib/gcc/arm-none-eabi/7.3.1/../../../../arm-none-eabi/lib/thumb/v7-m\libc_nano.a
LOAD d:/st/stm32cubeide_1.4.0/stm32cubeide/plugins/com.st.stm32cube.ide.mcu.externaltools.gnu-tools-for-stm32.7-2018-q2-update.win32_1.4.0.202007081208/tools/bin/../lib/gcc/arm-none-eabi/7.3.1/../../../../arm-none-eabi/lib/thumb/v7-m\libnosys.a
END GROUP
START GROUP
LOAD d:/st/stm32cubeide_1.4.0/stm32cubeide/plugins/com.st.stm32cube.ide.mcu.externaltools.gnu-tools-for-stm32.7-2018-q2-update.win32_1.4.0.202007081208/tools/bin/../lib/gcc/arm-none-eabi/7.3.1/thumb/v7-m\libgcc.a
LOAD d:/st/stm32cubeide_1.4.0/stm32cubeide/plugins/com.st.stm32cube.ide.mcu.externaltools.gnu-tools-for-stm32.7-2018-q2-update.win32_1.4.0.202007081208/tools/bin/../lib/gcc/arm-none-eabi/7.3.1/../../../../arm-none-eabi/lib/thumb/v7-m\libc_nano.a
LOAD d:/st/stm32cubeide_1.4.0/stm32cubeide/plugins/com.st.stm32cube.ide.mcu.externaltools.gnu-tools-for-stm32.7-2018-q2-update.win32_1.4.0.202007081208/tools/bin/../lib/gcc/arm-none-eabi/7.3.1/../../../../arm-none-eabi/lib/thumb/v7-m\libnosys.a
END GROUP
LOAD d:/st/stm32cubeide_1.4.0/stm32cubeide/plugins/com.st.stm32cube.ide.mcu.externaltools.gnu-tools-for-stm32.7-2018-q2-update.win32_1.4.0.202007081208/tools/bin/../lib/gcc/arm-none-eabi/7.3.1/thumb/v7-m/crtend.o
LOAD d:/st/stm32cubeide_1.4.0/stm32cubeide/plugins/com.st.stm32cube.ide.mcu.externaltools.gnu-tools-for-stm32.7-2018-q2-update.win32_1.4.0.202007081208/tools/bin/../lib/gcc/arm-none-eabi/7.3.1/thumb/v7-m/crtn.o
                0x0000000020002800                _estack = (ORIGIN (RAM) + LENGTH (RAM))
                0x0000000000000200                _Min_Heap_Size = 0x200
                0x0000000000000400                _Min_Stack_Size = 0x400

.isr_vector     0x0000000008000000      0x130
                0x0000000008000000                . = ALIGN (0x4)
 *(.isr_vector)
 .isr_vector    0x0000000008000000      0x130 Startup/startup_stm32f103c6tx.o
                0x0000000008000000                g_pfnVectors
                0x0000000008000130                . = ALIGN (0x4)

.text           0x0000000008000130      0xb54
                0x0000000008000130                . = ALIGN (0x4)
 *(.text)
 .text          0x0000000008000130       0x40 d:/st/stm32cubeide_1.4.0/stm32cubeide/plugins/com.st.stm32cube.ide.mcu.externaltools.gnu-tools-for-stm32.7-2018-q2-update.win32_1.4.0.202007081208/tools/bin/../lib/gcc/arm-none-eabi/7.3.1/thumb/v7-m/crtbegin.o
 .text          0x0000000008000170       0x14 d:/st/stm32cubeide_1.4.0/stm32cubeide/plugins/com.st.stm32cube.ide.mcu.externaltools.gnu-tools-for-stm32.7-2018-q2-update.win32_1.4.0.202007081208/tools/bin/../lib/gcc/arm-none-eabi/7.3.1/../../../../arm-none-eabi/lib/thumb/v7-m\libc_nano.a(lib_a-strcmp.o)
                0x0000000008000170                strcmp
 *(.text*)
 .text.__NVIC_SetPriority
                0x0000000008000184       0x54 Inc/CortexMxOS_Porting.o
 .text.SysTick_Config
                0x00000000080001d8       0x44 Inc/CortexMxOS_Porting.o
 .text.HardFault_Handler
                0x000000000800021c        0x6 Inc/CortexMxOS_Porting.o
                0x000000000800021c                HardFault_Handler
 .text.MemManage_Handler
                0x0000000008000222        0x6 Inc/CortexMxOS_Porting.o
                0x0000000008000222                MemManage_Handler
 .text.BusFault_Handler
                0x0000000008000228        0x6 Inc/CortexMxOS_Porting.o
                0x0000000008000228                BusFault_Handler
 .text.UsageFault_Handler
                0x000000000800022e        0x6 Inc/CortexMxOS_Porting.o
                0x000000000800022e                UsageFault_Handler
 .text.SVC_Handler
                0x0000000008000234       0x14 Inc/CortexMxOS_Porting.o
                0x0000000008000234                SVC_Handler
 .text.Trigger_OS_PendSV
                0x0000000008000248       0x1c Inc/CortexMxOS_Porting.o
                0x0000000008000248                Trigger_OS_PendSV
 .text.HW_Init  0x0000000008000264       0x12 Inc/CortexMxOS_Porting.o
                0x0000000008000264                HW_Init
 .text.Start_Ticker
                0x0000000008000276       0x10 Inc/CortexMxOS_Porting.o
                0x0000000008000276                Start_Ticker
 *fill*         0x0000000008000286        0x2 
 .text.SysTick_Handler
                0x0000000008000288       0x24 Inc/CortexMxOS_Porting.o
                0x0000000008000288                SysTick_Handler
 .text.FIFO_Init
                0x00000000080002ac       0x44 Inc/My_RTOS_FIFO.o
                0x00000000080002ac                FIFO_Init
 .text.FIFO_Enqeue
                0x00000000080002f0       0x82 Inc/My_RTOS_FIFO.o
                0x00000000080002f0                FIFO_Enqeue
 .text.FIFO_Deqeue
                0x0000000008000372       0x78 Inc/My_RTOS_FIFO.o
                0x0000000008000372                FIFO_Deqeue
 *fill*         0x00000000080003ea        0x2 
 .text.BubbleSort_SchedularTable
                0x00000000080003ec       0x90 Inc/Schedular.o
                0x00000000080003ec                BubbleSort_SchedularTable
 .text.MYRTOS_Update_SchedulerTable
                0x000000000800047c       0xcc Inc/Schedular.o
                0x000000000800047c                MYRTOS_Update_SchedulerTable
 .text.Decide_WhatNextTask
                0x0000000008000548       0xa0 Inc/Schedular.o
                0x0000000008000548                Decide_WhatNextTask
 .text.OS_SVC_Services
                0x00000000080005e8       0x60 Inc/Schedular.o
                0x00000000080005e8                OS_SVC_Services
 .text.PendSV_Handler
                0x0000000008000648      0x1b8 Inc/Schedular.o
                0x0000000008000648                PendSV_Handler
 .text.MYRTOS_Create_MainStack
                0x0000000008000800       0x3c Inc/Schedular.o
                0x0000000008000800                MYRTOS_Create_MainStack
 .text.MyRTOS_Idle_Task
                0x000000000800083c       0x1c Inc/Schedular.o
                0x000000000800083c                MyRTOS_Idle_Task
 .text.MYRTOS_Init
                0x0000000008000858       0x80 Inc/Schedular.o
                0x0000000008000858                MYRTOS_Init
 .text.MYRTOS_Create_Stack
                0x00000000080008d8       0x7c Inc/Schedular.o
                0x00000000080008d8                MYRTOS_Create_Stack
 .text.MYRTOS_Create_Task
                0x0000000008000954       0x7c Inc/Schedular.o
                0x0000000008000954                MYRTOS_Create_Task
 .text.MYRTOS_OS_SVC_Set
                0x00000000080009d0       0x30 Inc/Schedular.o
                0x00000000080009d0                MYRTOS_OS_SVC_Set
 .text.MYRTOS_Activate_Task
                0x0000000008000a00       0x24 Inc/Schedular.o
                0x0000000008000a00                MYRTOS_Activate_Task
 .text.MYRTOS_START_OS
                0x0000000008000a24       0x58 Inc/Schedular.o
                0x0000000008000a24                MYRTOS_START_OS
 .text.task1    0x0000000008000a7c       0x18 Src/main.o
                0x0000000008000a7c                task1
 .text.task2    0x0000000008000a94       0x18 Src/main.o
                0x0000000008000a94                task2
 .text.task3    0x0000000008000aac       0x18 Src/main.o
                0x0000000008000aac                task3
 .text.main     0x0000000008000ac4      0x10c Src/main.o
                0x0000000008000ac4                main
 .text.Reset_Handler
                0x0000000008000bd0       0x50 Startup/startup_stm32f103c6tx.o
                0x0000000008000bd0                Reset_Handler
 .text.Default_Handler
                0x0000000008000c20        0x2 Startup/startup_stm32f103c6tx.o
                0x0000000008000c20                EXTI2_IRQHandler
                0x0000000008000c20                TIM8_TRG_COM_IRQHandler
                0x0000000008000c20                TIM8_CC_IRQHandler
                0x0000000008000c20                DebugMon_Handler
                0x0000000008000c20                TIM1_CC_IRQHandler
                0x0000000008000c20                TIM6_IRQHandler
                0x0000000008000c20                PVD_IRQHandler
                0x0000000008000c20                SDIO_IRQHandler
                0x0000000008000c20                NMI_Handler
                0x0000000008000c20                EXTI3_IRQHandler
                0x0000000008000c20                USB_HP_CAN_TX_IRQHandler
                0x0000000008000c20                EXTI0_IRQHandler
                0x0000000008000c20                I2C2_EV_IRQHandler
                0x0000000008000c20                ADC1_2_IRQHandler
                0x0000000008000c20                SPI1_IRQHandler
                0x0000000008000c20                CAN_SCE_IRQHandler
                0x0000000008000c20                TAMPER_IRQHandler
                0x0000000008000c20                TIM8_UP_IRQHandler
                0x0000000008000c20                DMA2_Channel2_IRQHandler
                0x0000000008000c20                DMA1_Channel4_IRQHandler
                0x0000000008000c20                USART3_IRQHandler
                0x0000000008000c20                RTC_IRQHandler
                0x0000000008000c20                DMA1_Channel7_IRQHandler
                0x0000000008000c20                UART5_IRQHandler
                0x0000000008000c20                ADC3_IRQHandler
                0x0000000008000c20                TIM4_IRQHandler
                0x0000000008000c20                CAN_RX1_IRQHandler
                0x0000000008000c20                DMA2_Channel1_IRQHandler
                0x0000000008000c20                I2C1_EV_IRQHandler
                0x0000000008000c20                DMA1_Channel6_IRQHandler
                0x0000000008000c20                UART4_IRQHandler
                0x0000000008000c20                TIM3_IRQHandler
                0x0000000008000c20                RCC_IRQHandler
                0x0000000008000c20                TIM1_TRG_COM_IRQHandler
                0x0000000008000c20                DMA1_Channel1_IRQHandler
                0x0000000008000c20                Default_Handler
                0x0000000008000c20                EXTI15_10_IRQHandler
                0x0000000008000c20                TIM7_IRQHandler
                0x0000000008000c20                TIM5_IRQHandler
                0x0000000008000c20                EXTI9_5_IRQHandler
                0x0000000008000c20                SPI2_IRQHandler
                0x0000000008000c20                USB_LP_CAN_RX0_IRQHandler
                0x0000000008000c20                DMA1_Channel5_IRQHandler
                0x0000000008000c20                EXTI4_IRQHandler
                0x0000000008000c20                DMA1_Channel3_IRQHandler
                0x0000000008000c20                FSMC_IRQHandler
                0x0000000008000c20                TIM1_UP_IRQHandler
                0x0000000008000c20                WWDG_IRQHandler
                0x0000000008000c20                TIM2_IRQHandler
                0x0000000008000c20                TIM1_BRK_IRQHandler
                0x0000000008000c20                EXTI1_IRQHandler
                0x0000000008000c20                RTCAlarm_IRQHandler
                0x0000000008000c20                DMA2_Channel4_5_IRQHandler
                0x0000000008000c20                USART2_IRQHandler
                0x0000000008000c20                I2C2_ER_IRQHandler
                0x0000000008000c20                DMA1_Channel2_IRQHandler
                0x0000000008000c20                TIM8_BRK_IRQHandler
                0x0000000008000c20                FLASH_IRQHandler
                0x0000000008000c20                USART1_IRQHandler
                0x0000000008000c20                SPI3_IRQHandler
                0x0000000008000c20                I2C1_ER_IRQHandler
                0x0000000008000c20                DMA2_Channel3_IRQHandler
 *fill*         0x0000000008000c22        0x2 
 .text.__libc_init_array
                0x0000000008000c24       0x48 d:/st/stm32cubeide_1.4.0/stm32cubeide/plugins/com.st.stm32cube.ide.mcu.externaltools.gnu-tools-for-stm32.7-2018-q2-update.win32_1.4.0.202007081208/tools/bin/../lib/gcc/arm-none-eabi/7.3.1/../../../../arm-none-eabi/lib/thumb/v7-m\libc_nano.a(lib_a-init.o)
                0x0000000008000c24                __libc_init_array
 *(.glue_7)
 .glue_7        0x0000000008000c6c        0x0 linker stubs
 *(.glue_7t)
 .glue_7t       0x0000000008000c6c        0x0 linker stubs
 *(.eh_frame)
 .eh_frame      0x0000000008000c6c        0x0 d:/st/stm32cubeide_1.4.0/stm32cubeide/plugins/com.st.stm32cube.ide.mcu.externaltools.gnu-tools-for-stm32.7-2018-q2-update.win32_1.4.0.202007081208/tools/bin/../lib/gcc/arm-none-eabi/7.3.1/thumb/v7-m/crtbegin.o
 *(.init)
 .init          0x0000000008000c6c        0x4 d:/st/stm32cubeide_1.4.0/stm32cubeide/plugins/com.st.stm32cube.ide.mcu.externaltools.gnu-tools-for-stm32.7-2018-q2-update.win32_1.4.0.202007081208/tools/bin/../lib/gcc/arm-none-eabi/7.3.1/thumb/v7-m/crti.o
                0x0000000008000c6c                _init
 .init          0x0000000008000c70        0x8 d:/st/stm32cubeide_1.4.0/stm32cubeide/plugins/com.st.stm32cube.ide.mcu.externaltools.gnu-tools-for-stm32.7-2018-q2-update.win32_1.4.0.202007081208/tools/bin/../lib/gcc/arm-none-eabi/7.3.1/thumb/v7-m/crtn.o
 *(.fini)
 .fini          0x0000000008000c78        0x4 d:/st/stm32cubeide_1.4.0/stm32cubeide/plugins/com.st.stm32cube.ide.mcu.externaltools.gnu-tools-for-stm32.7-2018-q2-update.win32_1.4.0.202007081208/tools/bin/../lib/gcc/arm-none-eabi/7.3.1/thumb/v7-m/crti.o
                0x0000000008000c78                _fini
 .fini          0x0000000008000c7c        0x8 d:/st/stm32cubeide_1.4.0/stm32cubeide/plugins/com.st.stm32cube.ide.mcu.externaltools.gnu-tools-for-stm32.7-2018-q2-update.win32_1.4.0.202007081208/tools/bin/../lib/gcc/arm-none-eabi/7.3.1/thumb/v7-m/crtn.o
                0x0000000008000c84                . = ALIGN (0x4)
                0x0000000008000c84                _etext = .

.vfp11_veneer   0x0000000008000c84        0x0
 .vfp11_veneer  0x0000000008000c84        0x0 linker stubs

.v4_bx          0x0000000008000c84        0x0
 .v4_bx         0x0000000008000c84        0x0 linker stubs

.iplt           0x0000000008000c84        0x0
 .iplt          0x0000000008000c84        0x0 d:/st/stm32cubeide_1.4.0/stm32cubeide/plugins/com.st.stm32cube.ide.mcu.externaltools.gnu-tools-for-stm32.7-2018-q2-update.win32_1.4.0.202007081208/tools/bin/../lib/gcc/arm-none-eabi/7.3.1/thumb/v7-m/crtbegin.o

.rodata         0x0000000008000c84       0x24
                0x0000000008000c84                . = ALIGN (0x4)
 *(.rodata)
 .rodata        0x0000000008000c84        0x9 Inc/Schedular.o
 *fill*         0x0000000008000c8d        0x3 
 .rodata        0x0000000008000c90       0x17 Src/main.o
 *(.rodata*)
                0x0000000008000ca8                . = ALIGN (0x4)
 *fill*         0x0000000008000ca7        0x1 

.rel.dyn        0x0000000008000ca8        0x0
 .rel.iplt      0x0000000008000ca8        0x0 d:/st/stm32cubeide_1.4.0/stm32cubeide/plugins/com.st.stm32cube.ide.mcu.externaltools.gnu-tools-for-stm32.7-2018-q2-update.win32_1.4.0.202007081208/tools/bin/../lib/gcc/arm-none-eabi/7.3.1/thumb/v7-m/crtbegin.o

.ARM.extab      0x0000000008000ca8        0x0
                0x0000000008000ca8                . = ALIGN (0x4)
 *(.ARM.extab* .gnu.linkonce.armextab.*)
                0x0000000008000ca8                . = ALIGN (0x4)

.ARM            0x0000000008000ca8        0x0
                0x0000000008000ca8                . = ALIGN (0x4)
                0x0000000008000ca8                __exidx_start = .
 *(.ARM.exidx*)
                0x0000000008000ca8                __exidx_end = .
                0x0000000008000ca8                . = ALIGN (0x4)

.preinit_array  0x0000000008000ca8        0x0
                0x0000000008000ca8                . = ALIGN (0x4)
                0x0000000008000ca8                PROVIDE (__preinit_array_start = .)
 *(.preinit_array*)
                0x0000000008000ca8                PROVIDE (__preinit_array_end = .)
                0x0000000008000ca8                . = ALIGN (0x4)

.init_array     0x0000000008000ca8        0x4
                0x0000000008000ca8                . = ALIGN (0x4)
                0x0000000008000ca8                PROVIDE (__init_array_start = .)
 *(SORT_BY_NAME(.init_array.*))
 *(.init_array*)
 .init_array    0x0000000008000ca8        0x4 d:/st/stm32cubeide_1.4.0/stm32cubeide/plugins/com.st.stm32cube.ide.mcu.externaltools.gnu-tools-for-stm32.7-2018-q2-update.win32_1.4.0.202007081208/tools/bin/../lib/gcc/arm-none-eabi/7.3.1/thumb/v7-m/crtbegin.o
                0x0000000008000cac                PROVIDE (__init_array_end = .)
                0x0000000008000cac                . = ALIGN (0x4)

.fini_array     0x0000000008000cac        0x4
                0x0000000008000cac                . = ALIGN (0x4)
                [!provide]                        PROVIDE (__fini_array_start = .)
 *(SORT_BY_NAME(.fini_array.*))
 *(.fini_array*)
 .fini_array    0x0000000008000cac        0x4 d:/st/stm32cubeide_1.4.0/stm32cubeide/plugins/com.st.stm32cube.ide.mcu.externaltools.gnu-tools-for-stm32.7-2018-q2-update.win32_1.4.0.202007081208/tools/bin/../lib/gcc/arm-none-eabi/7.3.1/thumb/v7-m/crtbegin.o
                [!provide]                        PROVIDE (__fini_array_end = .)
                0x0000000008000cb0                . = ALIGN (0x4)
                0x0000000008000cb0                _sidata = LOADADDR (.data)

.data           0x0000000020000000        0x0 load address 0x0000000008000cb0
                0x0000000020000000                . = ALIGN (0x4)
                0x0000000020000000                _sdata = .
 *(.data)
 *(.data*)
                0x0000000020000000                . = ALIGN (0x4)
                0x0000000020000000                _edata = .

.igot.plt       0x0000000020000000        0x0 load address 0x0000000008000cb0
 .igot.plt      0x0000000020000000        0x0 d:/st/stm32cubeide_1.4.0/stm32cubeide/plugins/com.st.stm32cube.ide.mcu.externaltools.gnu-tools-for-stm32.7-2018-q2-update.win32_1.4.0.202007081208/tools/bin/../lib/gcc/arm-none-eabi/7.3.1/thumb/v7-m/crtbegin.o
                0x0000000020000000                . = ALIGN (0x4)

.bss            0x0000000020000000      0x47c load address 0x0000000008000cb0
                0x0000000020000000                _sbss = .
                0x0000000020000000                __bss_start__ = _sbss
 *(.bss)
 .bss           0x0000000020000000       0x1c d:/st/stm32cubeide_1.4.0/stm32cubeide/plugins/com.st.stm32cube.ide.mcu.externaltools.gnu-tools-for-stm32.7-2018-q2-update.win32_1.4.0.202007081208/tools/bin/../lib/gcc/arm-none-eabi/7.3.1/thumb/v7-m/crtbegin.o
 *(.bss*)
 *(COMMON)
 COMMON         0x000000002000001c        0x1 Inc/CortexMxOS_Porting.o
                0x000000002000001c                SystTickIndication
 *fill*         0x000000002000001d        0x3 
 COMMON         0x0000000020000020      0x394 Inc/Schedular.o
                0x0000000020000020                idleTaskIndication
                0x0000000020000024                ReadyQueueFIFO
                0x00000000200001b4                OS_Control
                0x0000000020000360                ReadyQueue
                0x0000000020000374                MYRTOS_IdleTask
 COMMON         0x00000000200003b4       0xc8 Src/main.o
                0x00000000200003b4                Task2Indication
                0x00000000200003b5                Task1Indication
                0x00000000200003b8                Task1
                0x00000000200003f8                Task3
                0x0000000020000438                Task3Indication
                0x000000002000043c                Task2
                0x000000002000047c                . = ALIGN (0x4)
                0x000000002000047c                _ebss = .
                0x000000002000047c                __bss_end__ = _ebss

._user_heap_stack
                0x000000002000047c      0xa04 load address 0x0000000008000cb0
                0x0000000020000480                . = ALIGN (0x8)
 *fill*         0x000000002000047c        0x4 
                [!provide]                        PROVIDE (end = .)
                0x0000000020000480                PROVIDE (_end = .)
                0x0000000020000680                . = (. + _Min_Heap_Size)
 *fill*         0x0000000020000480      0x200 
                0x0000000020000a80                . = (. + _Min_Stack_Size)
 *fill*         0x0000000020000680      0x400 
                0x0000000020000a80                . = ALIGN (0x8)
                0x0000000020000a80                _eheap = .
                0x0000000020000e80                . = (. + _Min_Stack_Size)
 *fill*         0x0000000020000a80      0x400 

/DISCARD/
 libc.a(*)
 libm.a(*)
 libgcc.a(*)

.ARM.attributes
                0x0000000000000000       0x29
 *(.ARM.attributes)
 .ARM.attributes
                0x0000000000000000       0x1d d:/st/stm32cubeide_1.4.0/stm32cubeide/plugins/com.st.stm32cube.ide.mcu.externaltools.gnu-tools-for-stm32.7-2018-q2-update.win32_1.4.0.202007081208/tools/bin/../lib/gcc/arm-none-eabi/7.3.1/thumb/v7-m/crti.o
 .ARM.attributes
                0x000000000000001d       0x2d d:/st/stm32cubeide_1.4.0/stm32cubeide/plugins/com.st.stm32cube.ide.mcu.externaltools.gnu-tools-for-stm32.7-2018-q2-update.win32_1.4.0.202007081208/tools/bin/../lib/gcc/arm-none-eabi/7.3.1/thumb/v7-m/crtbegin.o
 .ARM.attributes
                0x000000000000004a       0x33 Inc/CortexMxOS_Porting.o
 .ARM.attributes
                0x000000000000007d       0x33 Inc/My_RTOS_FIFO.o
 .ARM.attributes
                0x00000000000000b0       0x33 Inc/Schedular.o
 .ARM.attributes
                0x00000000000000e3       0x33 Src/main.o
 .ARM.attributes
                0x0000000000000116       0x21 Startup/startup_stm32f103c6tx.o
 .ARM.attributes
                0x0000000000000137       0x2d d:/st/stm32cubeide_1.4.0/stm32cubeide/plugins/com.st.stm32cube.ide.mcu.externaltools.gnu-tools-for-stm32.7-2018-q2-update.win32_1.4.0.202007081208/tools/bin/../lib/gcc/arm-none-eabi/7.3.1/../../../../arm-none-eabi/lib/thumb/v7-m\libc_nano.a(lib_a-init.o)
 .ARM.attributes
                0x0000000000000164       0x1b d:/st/stm32cubeide_1.4.0/stm32cubeide/plugins/com.st.stm32cube.ide.mcu.externaltools.gnu-tools-for-stm32.7-2018-q2-update.win32_1.4.0.202007081208/tools/bin/../lib/gcc/arm-none-eabi/7.3.1/../../../../arm-none-eabi/lib/thumb/v7-m\libc_nano.a(lib_a-strcmp.o)
 .ARM.attributes
                0x000000000000017f       0x1d d:/st/stm32cubeide_1.4.0/stm32cubeide/plugins/com.st.stm32cube.ide.mcu.externaltools.gnu-tools-for-stm32.7-2018-q2-update.win32_1.4.0.202007081208/tools/bin/../lib/gcc/arm-none-eabi/7.3.1/thumb/v7-m/crtn.o
OUTPUT(RTOS.elf elf32-littlearm)

.debug_info     0x0000000000000000     0x2a11
 .debug_info    0x0000000000000000      0x5a0 Inc/CortexMxOS_Porting.o
 .debug_info    0x00000000000005a0      0xb5b Inc/My_RTOS_FIFO.o
 .debug_info    0x00000000000010fb      0xe14 Inc/Schedular.o
 .debug_info    0x0000000000001f0f      0xae0 Src/main.o
 .debug_info    0x00000000000029ef       0x22 Startup/startup_stm32f103c6tx.o

.debug_abbrev   0x0000000000000000      0x888
 .debug_abbrev  0x0000000000000000      0x1d3 Inc/CortexMxOS_Porting.o
 .debug_abbrev  0x00000000000001d3      0x1c2 Inc/My_RTOS_FIFO.o
 .debug_abbrev  0x0000000000000395      0x312 Inc/Schedular.o
 .debug_abbrev  0x00000000000006a7      0x1cf Src/main.o
 .debug_abbrev  0x0000000000000876       0x12 Startup/startup_stm32f103c6tx.o

.debug_aranges  0x0000000000000000      0x190
 .debug_aranges
                0x0000000000000000       0x70 Inc/CortexMxOS_Porting.o
 .debug_aranges
                0x0000000000000070       0x38 Inc/My_RTOS_FIFO.o
 .debug_aranges
                0x00000000000000a8       0x88 Inc/Schedular.o
 .debug_aranges
                0x0000000000000130       0x38 Src/main.o
 .debug_aranges
                0x0000000000000168       0x28 Startup/startup_stm32f103c6tx.o

.debug_ranges   0x0000000000000000      0x148
 .debug_ranges  0x0000000000000000       0x60 Inc/CortexMxOS_Porting.o
 .debug_ranges  0x0000000000000060       0x28 Inc/My_RTOS_FIFO.o
 .debug_ranges  0x0000000000000088       0x78 Inc/Schedular.o
 .debug_ranges  0x0000000000000100       0x28 Src/main.o
 .debug_ranges  0x0000000000000128       0x20 Startup/startup_stm32f103c6tx.o

.debug_macro    0x0000000000000000     0x3811
 .debug_macro   0x0000000000000000       0xbd Inc/CortexMxOS_Porting.o
 .debug_macro   0x00000000000000bd      0xa60 Inc/CortexMxOS_Porting.o
 .debug_macro   0x0000000000000b1d       0x28 Inc/CortexMxOS_Porting.o
 .debug_macro   0x0000000000000b45       0x22 Inc/CortexMxOS_Porting.o
 .debug_macro   0x0000000000000b67       0x8e Inc/CortexMxOS_Porting.o
 .debug_macro   0x0000000000000bf5       0x51 Inc/CortexMxOS_Porting.o
 .debug_macro   0x0000000000000c46       0xef Inc/CortexMxOS_Porting.o
 .debug_macro   0x0000000000000d35       0x6a Inc/CortexMxOS_Porting.o
 .debug_macro   0x0000000000000d9f      0x1df Inc/CortexMxOS_Porting.o
 .debug_macro   0x0000000000000f7e       0x1c Inc/CortexMxOS_Porting.o
 .debug_macro   0x0000000000000f9a       0x22 Inc/CortexMxOS_Porting.o
 .debug_macro   0x0000000000000fbc       0xe5 Inc/CortexMxOS_Porting.o
 .debug_macro   0x00000000000010a1      0xe3c Inc/CortexMxOS_Porting.o
 .debug_macro   0x0000000000001edd       0x2e Inc/CortexMxOS_Porting.o
 .debug_macro   0x0000000000001f0b      0x22c Inc/My_RTOS_FIFO.o
 .debug_macro   0x0000000000002137       0x40 Inc/My_RTOS_FIFO.o
 .debug_macro   0x0000000000002177       0x18 Inc/My_RTOS_FIFO.o
 .debug_macro   0x000000000000218f       0x94 Inc/My_RTOS_FIFO.o
 .debug_macro   0x0000000000002223       0x3c Inc/My_RTOS_FIFO.o
 .debug_macro   0x000000000000225f       0x34 Inc/My_RTOS_FIFO.o
 .debug_macro   0x0000000000002293       0x16 Inc/My_RTOS_FIFO.o
 .debug_macro   0x00000000000022a9       0x57 Inc/My_RTOS_FIFO.o
 .debug_macro   0x0000000000002300       0x97 Inc/My_RTOS_FIFO.o
 .debug_macro   0x0000000000002397      0x330 Inc/My_RTOS_FIFO.o
 .debug_macro   0x00000000000026c7       0xfd Inc/My_RTOS_FIFO.o
 .debug_macro   0x00000000000027c4       0x10 Inc/My_RTOS_FIFO.o
 .debug_macro   0x00000000000027d4       0x52 Inc/My_RTOS_FIFO.o
 .debug_macro   0x0000000000002826       0x1f Inc/My_RTOS_FIFO.o
 .debug_macro   0x0000000000002845       0x43 Inc/My_RTOS_FIFO.o
 .debug_macro   0x0000000000002888       0x20 Inc/My_RTOS_FIFO.o
 .debug_macro   0x00000000000028a8      0x1a3 Inc/My_RTOS_FIFO.o
 .debug_macro   0x0000000000002a4b       0x10 Inc/My_RTOS_FIFO.o
 .debug_macro   0x0000000000002a5b       0x1c Inc/My_RTOS_FIFO.o
 .debug_macro   0x0000000000002a77       0x52 Inc/My_RTOS_FIFO.o
 .debug_macro   0x0000000000002ac9       0x40 Inc/My_RTOS_FIFO.o
 .debug_macro   0x0000000000002b09       0x10 Inc/My_RTOS_FIFO.o
 .debug_macro   0x0000000000002b19       0x40 Inc/My_RTOS_FIFO.o
 .debug_macro   0x0000000000002b59       0xd7 Inc/My_RTOS_FIFO.o
 .debug_macro   0x0000000000002c30       0x1c Inc/My_RTOS_FIFO.o
 .debug_macro   0x0000000000002c4c       0x3d Inc/My_RTOS_FIFO.o
 .debug_macro   0x0000000000002c89       0x16 Inc/My_RTOS_FIFO.o
 .debug_macro   0x0000000000002c9f      0x145 Inc/My_RTOS_FIFO.o
 .debug_macro   0x0000000000002de4       0xdf Inc/My_RTOS_FIFO.o
 .debug_macro   0x0000000000002ec3      0x262 Inc/Schedular.o
 .debug_macro   0x0000000000003125       0x46 Inc/Schedular.o
 .debug_macro   0x000000000000316b      0x32a Inc/Schedular.o
 .debug_macro   0x0000000000003495       0x16 Inc/Schedular.o
 .debug_macro   0x00000000000034ab       0x35 Inc/Schedular.o
 .debug_macro   0x00000000000034e0       0x20 Inc/Schedular.o
 .debug_macro   0x0000000000003500      0x18d Src/main.o
 .debug_macro   0x000000000000368d      0x174 Src/main.o
 .debug_macro   0x0000000000003801       0x10 Src/main.o

.debug_line     0x0000000000000000     0x19f3
 .debug_line    0x0000000000000000      0x4f0 Inc/CortexMxOS_Porting.o
 .debug_line    0x00000000000004f0      0x685 Inc/My_RTOS_FIFO.o
 .debug_line    0x0000000000000b75      0x820 Inc/Schedular.o
 .debug_line    0x0000000000001395      0x5da Src/main.o
 .debug_line    0x000000000000196f       0x84 Startup/startup_stm32f103c6tx.o

.debug_str      0x0000000000000000     0xe0b1
 .debug_str     0x0000000000000000     0x981e Inc/CortexMxOS_Porting.o
                                       0x99b9 (size before relaxing)
 .debug_str     0x000000000000981e     0x44cb Inc/My_RTOS_FIFO.o
                                       0xdc72 (size before relaxing)
 .debug_str     0x000000000000dce9      0x330 Inc/Schedular.o
                                       0xdf5d (size before relaxing)
 .debug_str     0x000000000000e019       0x67 Src/main.o
                                       0xcaef (size before relaxing)
 .debug_str     0x000000000000e080       0x31 Startup/startup_stm32f103c6tx.o
                                         0x70 (size before relaxing)

.comment        0x0000000000000000       0x7b
 .comment       0x0000000000000000       0x7b Inc/CortexMxOS_Porting.o
                                         0x7c (size before relaxing)
 .comment       0x000000000000007b       0x7c Inc/My_RTOS_FIFO.o
 .comment       0x000000000000007b       0x7c Inc/Schedular.o
 .comment       0x000000000000007b       0x7c Src/main.o

.debug_frame    0x0000000000000000      0x498
 .debug_frame   0x0000000000000000      0x140 Inc/CortexMxOS_Porting.o
 .debug_frame   0x0000000000000140       0xb0 Inc/My_RTOS_FIFO.o
 .debug_frame   0x00000000000001f0      0x1e4 Inc/Schedular.o
 .debug_frame   0x00000000000003d4       0x78 Src/main.o
 .debug_frame   0x000000000000044c       0x2c d:/st/stm32cubeide_1.4.0/stm32cubeide/plugins/com.st.stm32cube.ide.mcu.externaltools.gnu-tools-for-stm32.7-2018-q2-update.win32_1.4.0.202007081208/tools/bin/../lib/gcc/arm-none-eabi/7.3.1/../../../../arm-none-eabi/lib/thumb/v7-m\libc_nano.a(lib_a-init.o)
 .debug_frame   0x0000000000000478       0x20 d:/st/stm32cubeide_1.4.0/stm32cubeide/plugins/com.st.stm32cube.ide.mcu.externaltools.gnu-tools-for-stm32.7-2018-q2-update.win32_1.4.0.202007081208/tools/bin/../lib/gcc/arm-none-eabi/7.3.1/../../../../arm-none-eabi/lib/thumb/v7-m\libc_nano.a(lib_a-strcmp.o)
