core_cm3.h:1641:22:__NVIC_SetPriority	16	static
core_cm3.h:1840:26:SysTick_Config	16	static
CortexMxOS_Porting.c:13:6:HardFault_Handler	4	static
CortexMxOS_Porting.c:18:6:MemManage_Handler	4	static
CortexMxOS_Porting.c:23:6:BusFault_Handler	4	static
CortexMxOS_Porting.c:28:6:UsageFault_Handler	4	static
CortexMxOS_Porting.c:38:29:SVC_Handler	0	static,ignoring_inline_asm
CortexMxOS_Porting.c:49:6:Trigger_OS_PendSV	4	static
CortexMxOS_Porting.c:56:6:HW_Init	8	static
CortexMxOS_Porting.c:75:6:Start_Ticker	8	static
CortexMxOS_Porting.c:89:6:SysTick_Handler	8	static
