Schedular.c:48:6:BubbleSort_SchedularTable	24	static
Schedular.c:75:6:MYRTOS_Update_SchedulerTable	24	static
Schedular.c:140:6:Decide_WhatNextTask	8	static
Schedular.c:165:6:OS_SVC_Services	24	static
Schedular.c:208:28:PendSV_Handler	0	static,ignoring_inline_asm
Schedular.c:278:6:MYRTOS_Create_MainStack	4	static
Schedular.c:288:6:MyRTOS_Idle_Task	4	static,ignoring_inline_asm
Schedular.c:299:16:MYRTOS_Init	16	static
Schedular.c:328:6:MYRTOS_Create_Stack	24	static
Schedular.c:366:16:MYRTOS_Create_Task	24	static
Schedular.c:405:6:MYRTOS_OS_SVC_Set	16	static,ignoring_inline_asm
Schedular.c:426:16:MYRTOS_Activate_Task	24	static
Schedular.c:445:16:MYRTOS_Terminate_Task	24	static
Schedular.c:464:6:MYRTOS_START_OS	8	static,ignoring_inline_asm
